<html>
<body>
<pre>
<h1>µVision Build Log</h1>
<h2>Project:</h2>
\\Mac\Home\Desktop\ValvanoWareTM4C123\lab8_git\Lab8.uvproj
Project File Date:  04/06/2018

<h2>Output:</h2>
Rebuild target 'ADCSWTrigger'
assembling startup.s...
compiling ADCSWTrigger.c...
ADCSWTrigger.c(97): warning:  #1-D: last line of file ends without a newline
  }
ADCSWTrigger.c: 1 warning, 0 errors
compiling ST7735.c...
compiling ADCTestMain.c...
ADCTestMain.c(202): warning:  #185-D: dynamic initialization in unreachable code
      char* stringADC = adcToString();//returns a String to print out the length statement.
ADCTestMain.c(219): warning:  #185-D: dynamic initialization in unreachable code
      char* stringADC = adcToString();//returns a String to print out the length statement.
ADCTestMain.c: 2 warnings, 0 errors
compiling PLL.c...
compiling button.c...
linking...
Program Size: Code=1824 RO-data=32 RW-data=36 ZI-data=13140  
".\ADCSWTrigger.axf" - 0 Error(s), 3 Warning(s).
WTrigger.axf" - 1 Error(s), 3 Warning(s).
Target not created
