<html>
<body>
<pre>
<h1>µVision Build Log</h1>
<h2>Project:</h2>
C:\Users\Jake\Desktop\ValvanoWareTM4C123\Lab5\EdgeInterrupt.uvproj
Project File Date:  02/26/2018

<h2>Output:</h2>
Rebuild target 'EdgeInterrupt'
assembling startup.s...
compiling EdgeInterrupt.c...
compiling Switch.c...
compiling PLL.c...
compiling MAX5353.c...
compiling MAX5353TestMain.c...
compiling SysTick.c...
linking...
Program Size: Code=2816 RO-data=96 RW-data=2432 ZI-data=1120  
".\EdgeInterrupt.axf" - 0 Error(s), 0 Warning(s).
Load "C:\\Users\\Jake\\Desktop\\ValvanoWareTM4C123\\Lab5\\EdgeInterrupt.axf" 
Connecting: Mode=JTAG, Speed=1000000Hz
Erase Done.
Programming Done.
Verify OK.
ash Download failed  -  Target DLL has been cancelled
Load "C:\\Users\\Jake\\Desktop\\ValvanoWareTM4C123\\Lab5\\EdgeInterrupt.axf" 
Connecting: Mode=JTAG, Speed=1000000Hz
Erase Done.
Programming Done.
Verify OK.
ash Download failed  -  Target DLL has been cancelled
Load "C:\\Users\\Jake\\Desktop\\ValvanoWareTM4C123\\Lab5\\EdgeInterrupt.axf" 
Connecting: Mode=JTAG, Speed=1000000Hz
Erase Done.
Programming Done.
Verify OK.
