ARM Linker, 5.03 [Build 76] [MDK-ARM Lite]

==============================================================================

Section Cross References

    startup.o(STACK) refers (Special) to heapauxi.o(.text) for __use_two_region_memory
    startup.o(HEAP) refers (Special) to heapauxi.o(.text) for __use_two_region_memory
    startup.o(RESET) refers (Special) to heapauxi.o(.text) for __use_two_region_memory
    startup.o(RESET) refers to startup.o(STACK) for StackMem
    startup.o(RESET) refers to switch.o(i.GPIOPortB_Handler) for GPIOPortB_Handler
    startup.o(RESET) refers to switch.o(i.GPIOPortD_Handler) for GPIOPortD_Handler
    startup.o(RESET) refers to switch.o(i.Timer0A_Handler) for Timer0A_Handler
    startup.o(RESET) refers to edgeinterrupt.o(i.Timer1A_Handler) for Timer1A_Handler
    startup.o(RESET) refers to edgeinterrupt.o(i.Timer2A_Handler) for Timer2A_Handler
    startup.o(RESET) refers to switch.o(i.GPIOPortF_Handler) for GPIOPortF_Handler
    startup.o(RESET) refers to __main.o(!!!main) for __main
    startup.o(.text) refers (Special) to heapauxi.o(.text) for __use_two_region_memory
    startup.o(.text) refers to startup.o(HEAP) for HeapMem
    startup.o(.text) refers to startup.o(STACK) for StackMem
    edgeinterrupt.o(i.NoteIncrement) refers to max5353.o(i.DAC_Out) for DAC_Out
    edgeinterrupt.o(i.NoteIncrement) refers to edgeinterrupt.o(.data) for j
    edgeinterrupt.o(i.NoteIncrement) refers to edgeinterrupt.o(.constdata) for Flute
    edgeinterrupt.o(i.Play) refers to edgeinterrupt.o(i.Timer2_Init) for Timer2_Init
    edgeinterrupt.o(i.Play) refers to edgeinterrupt.o(i.Timer1_Init) for Timer1_Init
    edgeinterrupt.o(i.Play) refers to switch.o(.data) for ReverseState
    edgeinterrupt.o(i.Play) refers to edgeinterrupt.o(i.SongIncrement) for SongIncrement
    edgeinterrupt.o(i.Play) refers to edgeinterrupt.o(i.NoteIncrement) for NoteIncrement
    edgeinterrupt.o(i.Rewind) refers to edgeinterrupt.o(.data) for j
    edgeinterrupt.o(i.SongIncrement) refers to edgeinterrupt.o(.data) for SongList
    edgeinterrupt.o(i.Stop) refers to switch.o(.data) for ReverseState
    edgeinterrupt.o(i.Timer1A_Handler) refers to edgeinterrupt.o(.data) for NoteFunction
    edgeinterrupt.o(i.Timer1_Init) refers to edgeinterrupt.o(.data) for NoteFunction
    edgeinterrupt.o(i.Timer2A_Handler) refers to edgeinterrupt.o(.data) for SongFunction
    edgeinterrupt.o(i.Timer2_Init) refers to edgeinterrupt.o(.data) for SongFunction
    edgeinterrupt.o(i.main) refers to pll.o(i.PLL_Init) for PLL_Init
    edgeinterrupt.o(i.main) refers to startup.o(.text) for DisableInterrupts
    edgeinterrupt.o(i.main) refers to switch.o(i.SwitchD_Init) for SwitchD_Init
    edgeinterrupt.o(i.main) refers to switch.o(i.SwitchB_Init) for SwitchB_Init
    edgeinterrupt.o(i.main) refers to edgeinterrupt.o(i.Timer2_Init) for Timer2_Init
    edgeinterrupt.o(i.main) refers to edgeinterrupt.o(i.Timer1_Init) for Timer1_Init
    edgeinterrupt.o(i.main) refers to max5353.o(i.DAC_Init) for DAC_Init
    edgeinterrupt.o(i.main) refers to edgeinterrupt.o(i.Rewind) for Rewind
    edgeinterrupt.o(i.main) refers to edgeinterrupt.o(i.Stop) for Stop
    edgeinterrupt.o(i.main) refers to edgeinterrupt.o(i.Play) for Play
    edgeinterrupt.o(i.main) refers to edgeinterrupt.o(i.SongIncrement) for SongIncrement
    edgeinterrupt.o(i.main) refers to edgeinterrupt.o(i.NoteIncrement) for NoteIncrement
    switch.o(i.GPIOPortB_Handler) refers to switch.o(i.Timer0Arm) for Timer0Arm
    switch.o(i.GPIOPortB_Handler) refers to edgeinterrupt.o(.data) for SongState
    switch.o(i.GPIOPortB_Handler) refers to switch.o(.data) for PauseTask
    switch.o(i.GPIOPortD_Handler) refers to switch.o(i.Timer0Arm) for Timer0Arm
    switch.o(i.GPIOPortD_Handler) refers to switch.o(.data) for ReverseState
    switch.o(i.GPIOPortD_Handler) refers to edgeinterrupt.o(.data) for k
    switch.o(i.GPIOPortF_Handler) refers to switch.o(i.Timer0Arm) for Timer0Arm
    switch.o(i.GPIOPortF_Handler) refers to switch.o(.data) for Last
    switch.o(i.SwitchB_Init) refers to switch.o(i.GPIOBArm) for GPIOBArm
    switch.o(i.SwitchB_Init) refers to switch.o(.data) for PlayTask
    switch.o(i.SwitchD_Init) refers to switch.o(i.GPIODArm) for GPIODArm
    switch.o(i.SwitchD_Init) refers to switch.o(.data) for ReverseTask
    switch.o(i.Switch_Init) refers to switch.o(i.GPIOArm) for GPIOArm
    switch.o(i.Switch_Init) refers to switch.o(.data) for TouchTask
    switch.o(i.Switch_WaitPress) refers to switch.o(.data) for Touch
    switch.o(i.Switch_WaitRelease) refers to switch.o(.data) for Release
    switch.o(i.Timer0A_Handler) refers to switch.o(i.GPIOBArm) for GPIOBArm
    switch.o(i.Timer0A_Handler) refers to switch.o(i.GPIODArm) for GPIODArm
    max5353testmain.o(i.main1) refers to max5353.o(i.DAC_Init) for DAC_Init
    max5353testmain.o(i.main1) refers to systick.o(i.SysTick_Init) for SysTick_Init
    max5353testmain.o(i.main1) refers to max5353.o(i.DAC_Out) for DAC_Out
    max5353testmain.o(i.main1) refers to systick.o(i.SysTick_Wait) for SysTick_Wait
    max5353testmain.o(i.main1) refers to max5353testmain.o(.constdata) for wave
    systick.o(i.SysTick_Wait10ms) refers to systick.o(i.SysTick_Wait) for SysTick_Wait
    __main.o(!!!main) refers to rtentry.o(.ARM.Collect$$rtentry$$00000000) for __rt_entry
    rtentry.o(.ARM.Collect$$rtentry$$00000000) refers (Special) to rtentry2.o(.ARM.Collect$$rtentry$$0000000A) for __rt_entry_li
    rtentry.o(.ARM.Collect$$rtentry$$00000000) refers (Special) to rtentry2.o(.ARM.Collect$$rtentry$$0000000D) for __rt_entry_main
    rtentry.o(.ARM.Collect$$rtentry$$00000000) refers (Special) to rtentry2.o(.ARM.Collect$$rtentry$$0000000C) for __rt_entry_postli_1
    rtentry.o(.ARM.Collect$$rtentry$$00000000) refers (Special) to rtentry2.o(.ARM.Collect$$rtentry$$00000009) for __rt_entry_postsh_1
    rtentry.o(.ARM.Collect$$rtentry$$00000000) refers (Special) to rtentry2.o(.ARM.Collect$$rtentry$$00000002) for __rt_entry_presh_1
    rtentry.o(.ARM.Collect$$rtentry$$00000000) refers (Special) to rtentry4.o(.ARM.Collect$$rtentry$$00000004) for __rt_entry_sh
    rtentry2.o(.ARM.Collect$$rtentry$$00000008) refers to boardinit2.o(.text) for _platform_post_stackheap_init
    rtentry2.o(.ARM.Collect$$rtentry$$0000000A) refers to libinit.o(.ARM.Collect$$libinit$$00000000) for __rt_lib_init
    rtentry2.o(.ARM.Collect$$rtentry$$0000000B) refers to boardinit3.o(.text) for _platform_post_lib_init
    rtentry2.o(.ARM.Collect$$rtentry$$0000000D) refers to edgeinterrupt.o(i.main) for main
    rtentry2.o(.ARM.Collect$$rtentry$$0000000D) refers to exit.o(.text) for exit
    rtentry2.o(.ARM.exidx) refers to rtentry2.o(.ARM.Collect$$rtentry$$00000001) for .ARM.Collect$$rtentry$$00000001
    rtentry2.o(.ARM.exidx) refers to rtentry2.o(.ARM.Collect$$rtentry$$00000008) for .ARM.Collect$$rtentry$$00000008
    rtentry2.o(.ARM.exidx) refers to rtentry2.o(.ARM.Collect$$rtentry$$0000000A) for .ARM.Collect$$rtentry$$0000000A
    rtentry2.o(.ARM.exidx) refers to rtentry2.o(.ARM.Collect$$rtentry$$0000000B) for .ARM.Collect$$rtentry$$0000000B
    rtentry2.o(.ARM.exidx) refers to rtentry2.o(.ARM.Collect$$rtentry$$0000000D) for .ARM.Collect$$rtentry$$0000000D
    rtentry4.o(.ARM.Collect$$rtentry$$00000004) refers to sys_stackheap_outer.o(.text) for __user_setup_stackheap
    rtentry4.o(.ARM.exidx) refers to rtentry4.o(.ARM.Collect$$rtentry$$00000004) for .ARM.Collect$$rtentry$$00000004
    sys_stackheap_outer.o(.text) refers to libspace.o(.text) for __user_perproc_libspace
    sys_stackheap_outer.o(.text) refers to startup.o(.text) for __user_initial_stackheap
    exit.o(.text) refers to rtexit.o(.ARM.Collect$$rtexit$$00000000) for __rt_exit
    libinit.o(.ARM.Collect$$libinit$$00000000) refers (Special) to libinit2.o(.ARM.Collect$$libinit$$0000002C) for __rt_lib_init_alloca_1
    libinit.o(.ARM.Collect$$libinit$$00000000) refers (Special) to libinit2.o(.ARM.Collect$$libinit$$0000002A) for __rt_lib_init_argv_1
    libinit.o(.ARM.Collect$$libinit$$00000000) refers (Special) to libinit2.o(.ARM.Collect$$libinit$$00000019) for __rt_lib_init_atexit_1
    libinit.o(.ARM.Collect$$libinit$$00000000) refers (Special) to libinit2.o(.ARM.Collect$$libinit$$0000001F) for __rt_lib_init_clock_1
    libinit.o(.ARM.Collect$$libinit$$00000000) refers (Special) to libinit2.o(.ARM.Collect$$libinit$$00000030) for __rt_lib_init_cpp_1
    libinit.o(.ARM.Collect$$libinit$$00000000) refers (Special) to libinit2.o(.ARM.Collect$$libinit$$0000002E) for __rt_lib_init_exceptions_1
    libinit.o(.ARM.Collect$$libinit$$00000000) refers (Special) to libinit2.o(.ARM.Collect$$libinit$$00000002) for __rt_lib_init_fp_1
    libinit.o(.ARM.Collect$$libinit$$00000000) refers (Special) to libinit2.o(.ARM.Collect$$libinit$$0000001D) for __rt_lib_init_fp_trap_1
    libinit.o(.ARM.Collect$$libinit$$00000000) refers (Special) to libinit2.o(.ARM.Collect$$libinit$$00000021) for __rt_lib_init_getenv_1
    libinit.o(.ARM.Collect$$libinit$$00000000) refers (Special) to libinit2.o(.ARM.Collect$$libinit$$00000008) for __rt_lib_init_heap_1
    libinit.o(.ARM.Collect$$libinit$$00000000) refers (Special) to libinit2.o(.ARM.Collect$$libinit$$0000000F) for __rt_lib_init_lc_collate_1
    libinit.o(.ARM.Collect$$libinit$$00000000) refers (Special) to libinit2.o(.ARM.Collect$$libinit$$00000011) for __rt_lib_init_lc_ctype_1
    libinit.o(.ARM.Collect$$libinit$$00000000) refers (Special) to libinit2.o(.ARM.Collect$$libinit$$00000013) for __rt_lib_init_lc_monetary_1
    libinit.o(.ARM.Collect$$libinit$$00000000) refers (Special) to libinit2.o(.ARM.Collect$$libinit$$00000015) for __rt_lib_init_lc_numeric_1
    libinit.o(.ARM.Collect$$libinit$$00000000) refers (Special) to libinit2.o(.ARM.Collect$$libinit$$00000017) for __rt_lib_init_lc_time_1
    libinit.o(.ARM.Collect$$libinit$$00000000) refers (Special) to libinit2.o(.ARM.Collect$$libinit$$0000000C) for __rt_lib_init_rand_1
    libinit.o(.ARM.Collect$$libinit$$00000000) refers (Special) to libinit2.o(.ARM.Collect$$libinit$$00000031) for __rt_lib_init_return
    libinit.o(.ARM.Collect$$libinit$$00000000) refers (Special) to libinit2.o(.ARM.Collect$$libinit$$0000001B) for __rt_lib_init_signal_1
    libinit.o(.ARM.Collect$$libinit$$00000000) refers (Special) to libinit2.o(.ARM.Collect$$libinit$$00000023) for __rt_lib_init_stdio_1
    libinit.o(.ARM.Collect$$libinit$$00000000) refers (Special) to libinit2.o(.ARM.Collect$$libinit$$0000000A) for __rt_lib_init_user_alloc_1
    libspace.o(.text) refers to libspace.o(.bss) for __libspace_start
    rtexit.o(.ARM.Collect$$rtexit$$00000000) refers (Special) to rtexit2.o(.ARM.Collect$$rtexit$$00000004) for __rt_exit_exit
    rtexit.o(.ARM.Collect$$rtexit$$00000000) refers (Special) to rtexit2.o(.ARM.Collect$$rtexit$$00000003) for __rt_exit_ls
    rtexit.o(.ARM.Collect$$rtexit$$00000000) refers (Special) to rtexit2.o(.ARM.Collect$$rtexit$$00000002) for __rt_exit_prels_1
    rtexit.o(.ARM.exidx) refers (Special) to rtexit2.o(.ARM.Collect$$rtexit$$00000004) for __rt_exit_exit
    rtexit.o(.ARM.exidx) refers (Special) to rtexit2.o(.ARM.Collect$$rtexit$$00000003) for __rt_exit_ls
    rtexit.o(.ARM.exidx) refers (Special) to rtexit2.o(.ARM.Collect$$rtexit$$00000002) for __rt_exit_prels_1
    rtexit.o(.ARM.exidx) refers to rtexit.o(.ARM.Collect$$rtexit$$00000000) for .ARM.Collect$$rtexit$$00000000
    libinit2.o(.ARM.Collect$$libinit$$0000000E) refers to libinit2.o(.ARM.Collect$$libinit$$0000000D) for .ARM.Collect$$libinit$$0000000D
    libinit2.o(.ARM.Collect$$libinit$$00000010) refers to libinit2.o(.ARM.Collect$$libinit$$0000000D) for .ARM.Collect$$libinit$$0000000D
    libinit2.o(.ARM.Collect$$libinit$$00000012) refers to libinit2.o(.ARM.Collect$$libinit$$0000000D) for .ARM.Collect$$libinit$$0000000D
    libinit2.o(.ARM.Collect$$libinit$$00000014) refers to libinit2.o(.ARM.Collect$$libinit$$0000000D) for .ARM.Collect$$libinit$$0000000D
    libinit2.o(.ARM.Collect$$libinit$$00000016) refers to libinit2.o(.ARM.Collect$$libinit$$0000000D) for .ARM.Collect$$libinit$$0000000D
    libinit2.o(.ARM.Collect$$libinit$$00000024) refers to argv_veneer.o(.emb_text) for __ARM_argv_veneer
    libinit2.o(.ARM.Collect$$libinit$$00000025) refers to argv_veneer.o(.emb_text) for __ARM_argv_veneer
    rtexit2.o(.ARM.Collect$$rtexit$$00000003) refers to libshutdown.o(.ARM.Collect$$libshutdown$$00000000) for __rt_lib_shutdown
    rtexit2.o(.ARM.Collect$$rtexit$$00000004) refers to sys_exit.o(.text) for _sys_exit
    rtexit2.o(.ARM.exidx) refers to rtexit2.o(.ARM.Collect$$rtexit$$00000001) for .ARM.Collect$$rtexit$$00000001
    rtexit2.o(.ARM.exidx) refers to rtexit2.o(.ARM.Collect$$rtexit$$00000003) for .ARM.Collect$$rtexit$$00000003
    rtexit2.o(.ARM.exidx) refers to rtexit2.o(.ARM.Collect$$rtexit$$00000004) for .ARM.Collect$$rtexit$$00000004
    argv_veneer.o(.emb_text) refers to no_argv.o(.text) for __ARM_get_argv
    sys_exit.o(.text) refers (Special) to use_no_semi.o(.text) for __I$use$semihosting
    sys_exit.o(.text) refers (Special) to indicate_semi.o(.text) for __semihosting_library_function
    _get_argv_nomalloc.o(.text) refers (Special) to hrguard.o(.text) for __heap_region$guard
    _get_argv_nomalloc.o(.text) refers to defsig_rtmem_outer.o(.text) for __rt_SIGRTMEM
    _get_argv_nomalloc.o(.text) refers to sys_command.o(.text) for _sys_command_string
    libshutdown.o(.ARM.Collect$$libshutdown$$00000000) refers (Special) to libshutdown2.o(.ARM.Collect$$libshutdown$$00000006) for __rt_lib_shutdown_fp_trap_1
    libshutdown.o(.ARM.Collect$$libshutdown$$00000000) refers (Special) to libshutdown2.o(.ARM.Collect$$libshutdown$$0000000E) for __rt_lib_shutdown_heap_1
    libshutdown.o(.ARM.Collect$$libshutdown$$00000000) refers (Special) to libshutdown2.o(.ARM.Collect$$libshutdown$$0000000F) for __rt_lib_shutdown_return
    libshutdown.o(.ARM.Collect$$libshutdown$$00000000) refers (Special) to libshutdown2.o(.ARM.Collect$$libshutdown$$00000009) for __rt_lib_shutdown_signal_1
    libshutdown.o(.ARM.Collect$$libshutdown$$00000000) refers (Special) to libshutdown2.o(.ARM.Collect$$libshutdown$$00000003) for __rt_lib_shutdown_stdio_1
    libshutdown.o(.ARM.Collect$$libshutdown$$00000000) refers (Special) to libshutdown2.o(.ARM.Collect$$libshutdown$$0000000B) for __rt_lib_shutdown_user_alloc_1
    sys_command.o(.text) refers (Special) to use_no_semi.o(.text) for __I$use$semihosting
    sys_command.o(.text) refers (Special) to indicate_semi.o(.text) for __semihosting_library_function
    defsig_rtmem_outer.o(.text) refers to defsig_rtmem_inner.o(.text) for __rt_SIGRTMEM_inner
    defsig_rtmem_outer.o(.text) refers to defsig_exit.o(.text) for __sig_exit
    defsig_rtmem_formal.o(.text) refers to rt_raise.o(.text) for __rt_raise
    rt_raise.o(.text) refers to __raise.o(.text) for __raise
    rt_raise.o(.text) refers to sys_exit.o(.text) for _sys_exit
    defsig_exit.o(.text) refers to sys_exit.o(.text) for _sys_exit
    defsig_rtmem_inner.o(.text) refers to defsig_general.o(.text) for __default_signal_display
    __raise.o(.text) refers to defsig.o(CL$$defsig) for __default_signal_handler
    defsig_general.o(.text) refers to sys_wrch.o(.text) for _ttywrch
    sys_wrch.o(.text) refers (Special) to use_no_semi.o(.text) for __I$use$semihosting
    sys_wrch.o(.text) refers (Special) to indicate_semi.o(.text) for __semihosting_library_function
    defsig.o(CL$$defsig) refers to defsig_rtmem_inner.o(.text) for __rt_SIGRTMEM_inner
    defsig_abrt_inner.o(.text) refers to defsig_general.o(.text) for __default_signal_display
    defsig_fpe_inner.o(.text) refers to defsig_general.o(.text) for __default_signal_display
    defsig_rtred_inner.o(.text) refers to defsig_general.o(.text) for __default_signal_display
    defsig_stak_inner.o(.text) refers to defsig_general.o(.text) for __default_signal_display
    defsig_pvfn_inner.o(.text) refers to defsig_general.o(.text) for __default_signal_display
    defsig_cppl_inner.o(.text) refers to defsig_general.o(.text) for __default_signal_display
    defsig_segv_inner.o(.text) refers to defsig_general.o(.text) for __default_signal_display
    defsig_other.o(.text) refers to defsig_general.o(.text) for __default_signal_display


==============================================================================

Removing Unused input sections from the image.

    Removing edgeinterrupt.o(i.Nothing), (2 bytes).
    Removing switch.o(i.GPIOArm), (60 bytes).
    Removing switch.o(i.Switch_Init), (224 bytes).
    Removing switch.o(i.Switch_Input), (12 bytes).
    Removing switch.o(i.Switch_WaitPress), (24 bytes).
    Removing switch.o(i.Switch_WaitRelease), (24 bytes).
    Removing max5353.o(i.DAC_InitRaw), (192 bytes).
    Removing max5353.o(i.DAC_Out2), (44 bytes).
    Removing max5353.o(i.DAC_OutRaw), (60 bytes).
    Removing max5353testmain.o(i.main1), (48 bytes).
    Removing max5353testmain.o(.constdata), (64 bytes).
    Removing systick.o(i.SysTick_Init), (24 bytes).
    Removing systick.o(i.SysTick_Wait), (32 bytes).
    Removing systick.o(i.SysTick_Wait10ms), (28 bytes).

14 unused section(s) (total 838 bytes) removed from the image.

==============================================================================

Image Symbol Table

    Local Symbols

    Symbol Name                              Value     Ov Type        Size  Object(Section)

    RESET                                    0x00000000   Section      644  startup.o(RESET)
    ../clib/angel/boardlib.s                 0x00000000   Number         0  boardshut.o ABSOLUTE
    ../clib/angel/boardlib.s                 0x00000000   Number         0  boardinit2.o ABSOLUTE
    ../clib/angel/boardlib.s                 0x00000000   Number         0  boardinit1.o ABSOLUTE
    ../clib/angel/boardlib.s                 0x00000000   Number         0  boardinit3.o ABSOLUTE
    ../clib/angel/dclz77c.s                  0x00000000   Number         0  __dclz77c.o ABSOLUTE
    ../clib/angel/handlers.s                 0x00000000   Number         0  __scatter_zi.o ABSOLUTE
    ../clib/angel/kernel.s                   0x00000000   Number         0  rtexit.o ABSOLUTE
    ../clib/angel/kernel.s                   0x00000000   Number         0  rtentry2.o ABSOLUTE
    ../clib/angel/kernel.s                   0x00000000   Number         0  rtentry.o ABSOLUTE
    ../clib/angel/kernel.s                   0x00000000   Number         0  rtexit2.o ABSOLUTE
    ../clib/angel/kernel.s                   0x00000000   Number         0  rtentry4.o ABSOLUTE
    ../clib/angel/rt.s                       0x00000000   Number         0  rt_raise.o ABSOLUTE
    ../clib/angel/scatter.s                  0x00000000   Number         0  __scatter.o ABSOLUTE
    ../clib/angel/startup.s                  0x00000000   Number         0  __main.o ABSOLUTE
    ../clib/angel/sys.s                      0x00000000   Number         0  libspace.o ABSOLUTE
    ../clib/angel/sys.s                      0x00000000   Number         0  sys_stackheap_outer.o ABSOLUTE
    ../clib/angel/sys.s                      0x00000000   Number         0  indicate_semi.o ABSOLUTE
    ../clib/angel/sys.s                      0x00000000   Number         0  use_no_semi.o ABSOLUTE
    ../clib/angel/sysapp.c                   0x00000000   Number         0  sys_exit.o ABSOLUTE
    ../clib/angel/sysapp.c                   0x00000000   Number         0  sys_wrch.o ABSOLUTE
    ../clib/angel/sysapp.c                   0x00000000   Number         0  sys_command.o ABSOLUTE
    ../clib/armsys.c                         0x00000000   Number         0  no_argv.o ABSOLUTE
    ../clib/armsys.c                         0x00000000   Number         0  _get_argv_nomalloc.o ABSOLUTE
    ../clib/armsys.c                         0x00000000   Number         0  argv_veneer.o ABSOLUTE
    ../clib/armsys.c                         0x00000000   Number         0  argv_veneer.o ABSOLUTE
    ../clib/heapalloc.c                      0x00000000   Number         0  hrguard.o ABSOLUTE
    ../clib/heapaux.c                        0x00000000   Number         0  heapauxi.o ABSOLUTE
    ../clib/libinit.s                        0x00000000   Number         0  libshutdown2.o ABSOLUTE
    ../clib/libinit.s                        0x00000000   Number         0  libshutdown.o ABSOLUTE
    ../clib/libinit.s                        0x00000000   Number         0  libinit.o ABSOLUTE
    ../clib/libinit.s                        0x00000000   Number         0  libinit2.o ABSOLUTE
    ../clib/signal.c                         0x00000000   Number         0  defsig_rtred_inner.o ABSOLUTE
    ../clib/signal.c                         0x00000000   Number         0  defsig_other.o ABSOLUTE
    ../clib/signal.c                         0x00000000   Number         0  defsig_segv_inner.o ABSOLUTE
    ../clib/signal.c                         0x00000000   Number         0  defsig_cppl_inner.o ABSOLUTE
    ../clib/signal.c                         0x00000000   Number         0  defsig_pvfn_inner.o ABSOLUTE
    ../clib/signal.c                         0x00000000   Number         0  defsig_stak_inner.o ABSOLUTE
    ../clib/signal.c                         0x00000000   Number         0  defsig_fpe_inner.o ABSOLUTE
    ../clib/signal.c                         0x00000000   Number         0  defsig_abrt_inner.o ABSOLUTE
    ../clib/signal.c                         0x00000000   Number         0  defsig_general.o ABSOLUTE
    ../clib/signal.c                         0x00000000   Number         0  defsig_exit.o ABSOLUTE
    ../clib/signal.c                         0x00000000   Number         0  defsig_rtmem_outer.o ABSOLUTE
    ../clib/signal.c                         0x00000000   Number         0  defsig_rtmem_formal.o ABSOLUTE
    ../clib/signal.c                         0x00000000   Number         0  defsig_rtmem_inner.o ABSOLUTE
    ../clib/signal.c                         0x00000000   Number         0  __raise.o ABSOLUTE
    ../clib/signal.s                         0x00000000   Number         0  defsig.o ABSOLUTE
    ../clib/stdlib.c                         0x00000000   Number         0  exit.o ABSOLUTE
    ../fplib/fpinit.s                        0x00000000   Number         0  fpinit.o ABSOLUTE
    EdgeInterrupt.c                          0x00000000   Number         0  edgeinterrupt.o ABSOLUTE
    MAX5353.c                                0x00000000   Number         0  max5353.o ABSOLUTE
    MAX5353TestMain.c                        0x00000000   Number         0  max5353testmain.o ABSOLUTE
    PLL.c                                    0x00000000   Number         0  pll.o ABSOLUTE
    Switch.c                                 0x00000000   Number         0  switch.o ABSOLUTE
    SysTick.c                                0x00000000   Number         0  systick.o ABSOLUTE
    dc.s                                     0x00000000   Number         0  dc.o ABSOLUTE
    startup.s                                0x00000000   Number         0  startup.o ABSOLUTE
    !!!main                                  0x00000284   Section        8  __main.o(!!!main)
    !!!scatter                               0x0000028c   Section       52  __scatter.o(!!!scatter)
    !!dclz77c                                0x000002c0   Section      100  __dclz77c.o(!!dclz77c)
    !!handler_zi                             0x00000324   Section       28  __scatter_zi.o(!!handler_zi)
    .ARM.Collect$$libinit$$00000000          0x00000340   Section        2  libinit.o(.ARM.Collect$$libinit$$00000000)
    .ARM.Collect$$libinit$$00000002          0x00000342   Section        0  libinit2.o(.ARM.Collect$$libinit$$00000002)
    .ARM.Collect$$libinit$$00000008          0x00000342   Section        0  libinit2.o(.ARM.Collect$$libinit$$00000008)
    .ARM.Collect$$libinit$$0000000A          0x00000342   Section        0  libinit2.o(.ARM.Collect$$libinit$$0000000A)
    .ARM.Collect$$libinit$$0000000C          0x00000342   Section        0  libinit2.o(.ARM.Collect$$libinit$$0000000C)
    .ARM.Collect$$libinit$$0000000F          0x00000342   Section        0  libinit2.o(.ARM.Collect$$libinit$$0000000F)
    .ARM.Collect$$libinit$$00000011          0x00000342   Section        0  libinit2.o(.ARM.Collect$$libinit$$00000011)
    .ARM.Collect$$libinit$$00000013          0x00000342   Section        0  libinit2.o(.ARM.Collect$$libinit$$00000013)
    .ARM.Collect$$libinit$$00000015          0x00000342   Section        0  libinit2.o(.ARM.Collect$$libinit$$00000015)
    .ARM.Collect$$libinit$$00000017          0x00000342   Section        0  libinit2.o(.ARM.Collect$$libinit$$00000017)
    .ARM.Collect$$libinit$$00000019          0x00000342   Section        0  libinit2.o(.ARM.Collect$$libinit$$00000019)
    .ARM.Collect$$libinit$$0000001B          0x00000342   Section        0  libinit2.o(.ARM.Collect$$libinit$$0000001B)
    .ARM.Collect$$libinit$$0000001D          0x00000342   Section        0  libinit2.o(.ARM.Collect$$libinit$$0000001D)
    .ARM.Collect$$libinit$$0000001F          0x00000342   Section        0  libinit2.o(.ARM.Collect$$libinit$$0000001F)
    .ARM.Collect$$libinit$$00000021          0x00000342   Section        0  libinit2.o(.ARM.Collect$$libinit$$00000021)
    .ARM.Collect$$libinit$$00000023          0x00000342   Section        0  libinit2.o(.ARM.Collect$$libinit$$00000023)
    .ARM.Collect$$libinit$$0000002A          0x00000342   Section        0  libinit2.o(.ARM.Collect$$libinit$$0000002A)
    .ARM.Collect$$libinit$$0000002C          0x00000342   Section        0  libinit2.o(.ARM.Collect$$libinit$$0000002C)
    .ARM.Collect$$libinit$$0000002E          0x00000342   Section        0  libinit2.o(.ARM.Collect$$libinit$$0000002E)
    .ARM.Collect$$libinit$$00000030          0x00000342   Section        0  libinit2.o(.ARM.Collect$$libinit$$00000030)
    .ARM.Collect$$libinit$$00000031          0x00000342   Section        2  libinit2.o(.ARM.Collect$$libinit$$00000031)
    .ARM.Collect$$libshutdown$$00000000      0x00000344   Section        2  libshutdown.o(.ARM.Collect$$libshutdown$$00000000)
    .ARM.Collect$$libshutdown$$00000003      0x00000346   Section        0  libshutdown2.o(.ARM.Collect$$libshutdown$$00000003)
    .ARM.Collect$$libshutdown$$00000006      0x00000346   Section        0  libshutdown2.o(.ARM.Collect$$libshutdown$$00000006)
    .ARM.Collect$$libshutdown$$00000009      0x00000346   Section        0  libshutdown2.o(.ARM.Collect$$libshutdown$$00000009)
    .ARM.Collect$$libshutdown$$0000000B      0x00000346   Section        0  libshutdown2.o(.ARM.Collect$$libshutdown$$0000000B)
    .ARM.Collect$$libshutdown$$0000000E      0x00000346   Section        0  libshutdown2.o(.ARM.Collect$$libshutdown$$0000000E)
    .ARM.Collect$$libshutdown$$0000000F      0x00000346   Section        2  libshutdown2.o(.ARM.Collect$$libshutdown$$0000000F)
    .ARM.Collect$$rtentry$$00000000          0x00000348   Section        0  rtentry.o(.ARM.Collect$$rtentry$$00000000)
    .ARM.Collect$$rtentry$$00000002          0x00000348   Section        0  rtentry2.o(.ARM.Collect$$rtentry$$00000002)
    .ARM.Collect$$rtentry$$00000004          0x00000348   Section        6  rtentry4.o(.ARM.Collect$$rtentry$$00000004)
    .ARM.Collect$$rtentry$$00000009          0x0000034e   Section        0  rtentry2.o(.ARM.Collect$$rtentry$$00000009)
    .ARM.Collect$$rtentry$$0000000A          0x0000034e   Section        4  rtentry2.o(.ARM.Collect$$rtentry$$0000000A)
    .ARM.Collect$$rtentry$$0000000C          0x00000352   Section        0  rtentry2.o(.ARM.Collect$$rtentry$$0000000C)
    .ARM.Collect$$rtentry$$0000000D          0x00000352   Section        8  rtentry2.o(.ARM.Collect$$rtentry$$0000000D)
    .ARM.Collect$$rtexit$$00000000           0x0000035a   Section        2  rtexit.o(.ARM.Collect$$rtexit$$00000000)
    .ARM.Collect$$rtexit$$00000002           0x0000035c   Section        0  rtexit2.o(.ARM.Collect$$rtexit$$00000002)
    .ARM.Collect$$rtexit$$00000003           0x0000035c   Section        4  rtexit2.o(.ARM.Collect$$rtexit$$00000003)
    .ARM.Collect$$rtexit$$00000004           0x00000360   Section        6  rtexit2.o(.ARM.Collect$$rtexit$$00000004)
    .text                                    0x00000368   Section       48  startup.o(.text)
    .text                                    0x00000398   Section        0  heapauxi.o(.text)
    .text                                    0x0000039e   Section       74  sys_stackheap_outer.o(.text)
    .text                                    0x000003e8   Section        0  exit.o(.text)
    .text                                    0x000003f4   Section        8  libspace.o(.text)
    .text                                    0x000003fc   Section        0  sys_exit.o(.text)
    .text                                    0x00000408   Section        2  use_no_semi.o(.text)
    .text                                    0x0000040a   Section        0  indicate_semi.o(.text)
    i.DAC_Init                               0x0000040c   Section        0  max5353.o(i.DAC_Init)
    i.DAC_Out                                0x000004b0   Section        0  max5353.o(i.DAC_Out)
    i.GPIOBArm                               0x000004c8   Section        0  switch.o(i.GPIOBArm)
    GPIOBArm                                 0x000004c9   Thumb Code    56  switch.o(i.GPIOBArm)
    i.GPIODArm                               0x0000050c   Section        0  switch.o(i.GPIODArm)
    GPIODArm                                 0x0000050d   Thumb Code    56  switch.o(i.GPIODArm)
    i.GPIOPortB_Handler                      0x00000550   Section        0  switch.o(i.GPIOPortB_Handler)
    i.GPIOPortD_Handler                      0x00000598   Section        0  switch.o(i.GPIOPortD_Handler)
    i.GPIOPortF_Handler                      0x000005ec   Section        0  switch.o(i.GPIOPortF_Handler)
    i.NoteIncrement                          0x00000638   Section        0  edgeinterrupt.o(i.NoteIncrement)
    i.PLL_Init                               0x00000668   Section        0  pll.o(i.PLL_Init)
    i.Play                                   0x000006e4   Section        0  edgeinterrupt.o(i.Play)
    i.Rewind                                 0x00000710   Section        0  edgeinterrupt.o(i.Rewind)
    i.SongIncrement                          0x0000073c   Section        0  edgeinterrupt.o(i.SongIncrement)
    i.Stop                                   0x000007a8   Section        0  edgeinterrupt.o(i.Stop)
    i.SwitchB_Init                           0x000007c4   Section        0  switch.o(i.SwitchB_Init)
    i.SwitchD_Init                           0x00000880   Section        0  switch.o(i.SwitchD_Init)
    i.Timer0A_Handler                        0x00000930   Section        0  switch.o(i.Timer0A_Handler)
    i.Timer0Arm                              0x00000948   Section        0  switch.o(i.Timer0Arm)
    Timer0Arm                                0x00000949   Thumb Code    68  switch.o(i.Timer0Arm)
    i.Timer1A_Handler                        0x0000099c   Section        0  edgeinterrupt.o(i.Timer1A_Handler)
    i.Timer1_Init                            0x000009b4   Section        0  edgeinterrupt.o(i.Timer1_Init)
    i.Timer2A_Handler                        0x00000a1c   Section        0  edgeinterrupt.o(i.Timer2A_Handler)
    i.Timer2_Init                            0x00000a34   Section        0  edgeinterrupt.o(i.Timer2_Init)
    i.main                                   0x00000a9c   Section        0  edgeinterrupt.o(i.main)
    .constdata                               0x00000b00   Section       64  edgeinterrupt.o(.constdata)
    .data                                    0x20000000   Section     2384  edgeinterrupt.o(.data)
    .data                                    0x20000950   Section       48  switch.o(.data)
    Touch                                    0x20000954   Data           4  switch.o(.data)
    Release                                  0x20000958   Data           4  switch.o(.data)
    Last                                     0x2000095c   Data           4  switch.o(.data)
    LastB                                    0x20000960   Data           4  switch.o(.data)
    LastD                                    0x20000964   Data           4  switch.o(.data)
    .bss                                     0x20000980   Section       96  libspace.o(.bss)
    HEAP                                     0x200009e0   Section        0  startup.o(HEAP)
    STACK                                    0x200009e0   Section     1024  startup.o(STACK)
    HeapMem                                  0x200009e0   Data           0  startup.o(HEAP)
    StackMem                                 0x200009e0   Data           0  startup.o(STACK)

    Global Symbols

    Symbol Name                              Value     Ov Type        Size  Object(Section)

    BuildAttributes$$THM_ISAv4$E$P$D$K$B$S$7EM$PE$A:L22UL41UL21$X:L11$S22US41US21$IEEE1$IW$USESV6$~STKCKD$USESV7$~SHL$OSPACE$ROPI$EBA8$UX$STANDARDLIB$REQ8$PRES8$EABIv2 0x00000000   Number         0  anon$$obj.o ABSOLUTE
    __ARM_use_no_argv                        0x00000000   Number         0  edgeinterrupt.o ABSOLUTE
    __Vectors                                0x00000000   Data           0  startup.o(RESET)
    __ARM_exceptions_init                     - Undefined Weak Reference
    __alloca_initialize                       - Undefined Weak Reference
    __cpp_initialize__aeabi_                  - Undefined Weak Reference
    __cxa_finalize                            - Undefined Weak Reference
    __rt_locale                               - Undefined Weak Reference
    __sigvec_lookup                           - Undefined Weak Reference
    _atexit_init                              - Undefined Weak Reference
    _call_atexit_fns                          - Undefined Weak Reference
    _clock_init                               - Undefined Weak Reference
    _fp_trap_init                             - Undefined Weak Reference
    _fp_trap_shutdown                         - Undefined Weak Reference
    _get_lc_collate                           - Undefined Weak Reference
    _get_lc_ctype                             - Undefined Weak Reference
    _get_lc_monetary                          - Undefined Weak Reference
    _get_lc_numeric                           - Undefined Weak Reference
    _get_lc_time                              - Undefined Weak Reference
    _getenv_init                              - Undefined Weak Reference
    _handle_redirection                       - Undefined Weak Reference
    _init_alloc                               - Undefined Weak Reference
    _init_user_alloc                          - Undefined Weak Reference
    _initio                                   - Undefined Weak Reference
    _rand_init                                - Undefined Weak Reference
    _signal_finish                            - Undefined Weak Reference
    _signal_init                              - Undefined Weak Reference
    _terminate_alloc                          - Undefined Weak Reference
    _terminate_user_alloc                     - Undefined Weak Reference
    _terminateio                              - Undefined Weak Reference
    Reset_Handler                            0x0000026d   Thumb Code     0  startup.o(RESET)
    NMI_Handler                              0x00000271   Thumb Code     2  startup.o(RESET)
    HardFault_Handler                        0x00000273   Thumb Code     2  startup.o(RESET)
    MemManage_Handler                        0x00000275   Thumb Code     2  startup.o(RESET)
    BusFault_Handler                         0x00000277   Thumb Code     2  startup.o(RESET)
    UsageFault_Handler                       0x00000279   Thumb Code     2  startup.o(RESET)
    SVC_Handler                              0x0000027b   Thumb Code     2  startup.o(RESET)
    DebugMon_Handler                         0x0000027d   Thumb Code     2  startup.o(RESET)
    PendSV_Handler                           0x0000027f   Thumb Code     2  startup.o(RESET)
    SysTick_Handler                          0x00000281   Thumb Code     2  startup.o(RESET)
    ADC0Seq0_Handler                         0x00000283   Thumb Code     0  startup.o(RESET)
    ADC0Seq1_Handler                         0x00000283   Thumb Code     0  startup.o(RESET)
    ADC0Seq2_Handler                         0x00000283   Thumb Code     0  startup.o(RESET)
    ADC0Seq3_Handler                         0x00000283   Thumb Code     0  startup.o(RESET)
    ADC1Seq0_Handler                         0x00000283   Thumb Code     0  startup.o(RESET)
    ADC1Seq1_Handler                         0x00000283   Thumb Code     0  startup.o(RESET)
    ADC1Seq2_Handler                         0x00000283   Thumb Code     0  startup.o(RESET)
    ADC1Seq3_Handler                         0x00000283   Thumb Code     0  startup.o(RESET)
    CAN0_Handler                             0x00000283   Thumb Code     0  startup.o(RESET)
    CAN1_Handler                             0x00000283   Thumb Code     0  startup.o(RESET)
    CAN2_Handler                             0x00000283   Thumb Code     0  startup.o(RESET)
    Comp0_Handler                            0x00000283   Thumb Code     0  startup.o(RESET)
    Comp1_Handler                            0x00000283   Thumb Code     0  startup.o(RESET)
    Comp2_Handler                            0x00000283   Thumb Code     0  startup.o(RESET)
    Ethernet_Handler                         0x00000283   Thumb Code     0  startup.o(RESET)
    ExtBus_Handler                           0x00000283   Thumb Code     0  startup.o(RESET)
    FPU_Handler                              0x00000283   Thumb Code     0  startup.o(RESET)
    Fan0_Handler                             0x00000283   Thumb Code     0  startup.o(RESET)
    FlashCtl_Handler                         0x00000283   Thumb Code     0  startup.o(RESET)
    GPIOPortA_Handler                        0x00000283   Thumb Code     0  startup.o(RESET)
    GPIOPortC_Handler                        0x00000283   Thumb Code     0  startup.o(RESET)
    GPIOPortE_Handler                        0x00000283   Thumb Code     0  startup.o(RESET)
    GPIOPortG_Handler                        0x00000283   Thumb Code     0  startup.o(RESET)
    GPIOPortH_Handler                        0x00000283   Thumb Code     0  startup.o(RESET)
    GPIOPortJ_Handler                        0x00000283   Thumb Code     0  startup.o(RESET)
    GPIOPortK_Handler                        0x00000283   Thumb Code     0  startup.o(RESET)
    GPIOPortL_Handler                        0x00000283   Thumb Code     0  startup.o(RESET)
    GPIOPortM_Handler                        0x00000283   Thumb Code     0  startup.o(RESET)
    GPIOPortN_Handler                        0x00000283   Thumb Code     0  startup.o(RESET)
    GPIOPortP1_Handler                       0x00000283   Thumb Code     0  startup.o(RESET)
    GPIOPortP2_Handler                       0x00000283   Thumb Code     0  startup.o(RESET)
    GPIOPortP3_Handler                       0x00000283   Thumb Code     0  startup.o(RESET)
    GPIOPortP4_Handler                       0x00000283   Thumb Code     0  startup.o(RESET)
    GPIOPortP5_Handler                       0x00000283   Thumb Code     0  startup.o(RESET)
    GPIOPortP6_Handler                       0x00000283   Thumb Code     0  startup.o(RESET)
    GPIOPortP7_Handler                       0x00000283   Thumb Code     0  startup.o(RESET)
    GPIOPortP_Handler                        0x00000283   Thumb Code     0  startup.o(RESET)
    GPIOPortQ1_Handler                       0x00000283   Thumb Code     0  startup.o(RESET)
    GPIOPortQ2_Handler                       0x00000283   Thumb Code     0  startup.o(RESET)
    GPIOPortQ3_Handler                       0x00000283   Thumb Code     0  startup.o(RESET)
    GPIOPortQ4_Handler                       0x00000283   Thumb Code     0  startup.o(RESET)
    GPIOPortQ5_Handler                       0x00000283   Thumb Code     0  startup.o(RESET)
    GPIOPortQ6_Handler                       0x00000283   Thumb Code     0  startup.o(RESET)
    GPIOPortQ7_Handler                       0x00000283   Thumb Code     0  startup.o(RESET)
    GPIOPortQ_Handler                        0x00000283   Thumb Code     0  startup.o(RESET)
    GPIOPortR_Handler                        0x00000283   Thumb Code     0  startup.o(RESET)
    GPIOPortS_Handler                        0x00000283   Thumb Code     0  startup.o(RESET)
    Hibernate_Handler                        0x00000283   Thumb Code     0  startup.o(RESET)
    I2C0_Handler                             0x00000283   Thumb Code     0  startup.o(RESET)
    I2C1_Handler                             0x00000283   Thumb Code     0  startup.o(RESET)
    I2C2_Handler                             0x00000283   Thumb Code     0  startup.o(RESET)
    I2C3_Handler                             0x00000283   Thumb Code     0  startup.o(RESET)
    I2C4_Handler                             0x00000283   Thumb Code     0  startup.o(RESET)
    I2C5_Handler                             0x00000283   Thumb Code     0  startup.o(RESET)
    I2S0_Handler                             0x00000283   Thumb Code     0  startup.o(RESET)
    LPC0_Handler                             0x00000283   Thumb Code     0  startup.o(RESET)
    PECI0_Handler                            0x00000283   Thumb Code     0  startup.o(RESET)
    PWM0Fault_Handler                        0x00000283   Thumb Code     0  startup.o(RESET)
    PWM0Generator0_Handler                   0x00000283   Thumb Code     0  startup.o(RESET)
    PWM0Generator1_Handler                   0x00000283   Thumb Code     0  startup.o(RESET)
    PWM0Generator2_Handler                   0x00000283   Thumb Code     0  startup.o(RESET)
    PWM0Generator3_Handler                   0x00000283   Thumb Code     0  startup.o(RESET)
    PWM1Fault_Handler                        0x00000283   Thumb Code     0  startup.o(RESET)
    PWM1Generator0_Handler                   0x00000283   Thumb Code     0  startup.o(RESET)
    PWM1Generator1_Handler                   0x00000283   Thumb Code     0  startup.o(RESET)
    PWM1Generator2_Handler                   0x00000283   Thumb Code     0  startup.o(RESET)
    PWM1Generator3_Handler                   0x00000283   Thumb Code     0  startup.o(RESET)
    Quadrature0_Handler                      0x00000283   Thumb Code     0  startup.o(RESET)
    Quadrature1_Handler                      0x00000283   Thumb Code     0  startup.o(RESET)
    Quadrature2_Handler                      0x00000283   Thumb Code     0  startup.o(RESET)
    SSI0_Handler                             0x00000283   Thumb Code     0  startup.o(RESET)
    SSI1_Handler                             0x00000283   Thumb Code     0  startup.o(RESET)
    SSI2_Handler                             0x00000283   Thumb Code     0  startup.o(RESET)
    SSI3_Handler                             0x00000283   Thumb Code     0  startup.o(RESET)
    SysCtl_Handler                           0x00000283   Thumb Code     0  startup.o(RESET)
    Timer0B_Handler                          0x00000283   Thumb Code     0  startup.o(RESET)
    Timer1B_Handler                          0x00000283   Thumb Code     0  startup.o(RESET)
    Timer2B_Handler                          0x00000283   Thumb Code     0  startup.o(RESET)
    Timer3A_Handler                          0x00000283   Thumb Code     0  startup.o(RESET)
    Timer3B_Handler                          0x00000283   Thumb Code     0  startup.o(RESET)
    Timer4A_Handler                          0x00000283   Thumb Code     0  startup.o(RESET)
    Timer4B_Handler                          0x00000283   Thumb Code     0  startup.o(RESET)
    Timer5A_Handler                          0x00000283   Thumb Code     0  startup.o(RESET)
    Timer5B_Handler                          0x00000283   Thumb Code     0  startup.o(RESET)
    UART0_Handler                            0x00000283   Thumb Code     0  startup.o(RESET)
    UART1_Handler                            0x00000283   Thumb Code     0  startup.o(RESET)
    UART2_Handler                            0x00000283   Thumb Code     0  startup.o(RESET)
    UART3_Handler                            0x00000283   Thumb Code     0  startup.o(RESET)
    UART4_Handler                            0x00000283   Thumb Code     0  startup.o(RESET)
    UART5_Handler                            0x00000283   Thumb Code     0  startup.o(RESET)
    UART6_Handler                            0x00000283   Thumb Code     0  startup.o(RESET)
    UART7_Handler                            0x00000283   Thumb Code     0  startup.o(RESET)
    USB0_Handler                             0x00000283   Thumb Code     0  startup.o(RESET)
    WDT_Handler                              0x00000283   Thumb Code     0  startup.o(RESET)
    WideTimer0A_Handler                      0x00000283   Thumb Code     0  startup.o(RESET)
    WideTimer0B_Handler                      0x00000283   Thumb Code     0  startup.o(RESET)
    WideTimer1A_Handler                      0x00000283   Thumb Code     0  startup.o(RESET)
    WideTimer1B_Handler                      0x00000283   Thumb Code     0  startup.o(RESET)
    WideTimer2A_Handler                      0x00000283   Thumb Code     0  startup.o(RESET)
    WideTimer2B_Handler                      0x00000283   Thumb Code     0  startup.o(RESET)
    WideTimer3A_Handler                      0x00000283   Thumb Code     0  startup.o(RESET)
    WideTimer3B_Handler                      0x00000283   Thumb Code     0  startup.o(RESET)
    WideTimer4A_Handler                      0x00000283   Thumb Code     0  startup.o(RESET)
    WideTimer4B_Handler                      0x00000283   Thumb Code     0  startup.o(RESET)
    WideTimer5A_Handler                      0x00000283   Thumb Code     0  startup.o(RESET)
    WideTimer5B_Handler                      0x00000283   Thumb Code     0  startup.o(RESET)
    uDMA_Error                               0x00000283   Thumb Code     0  startup.o(RESET)
    uDMA_Handler                             0x00000283   Thumb Code     0  startup.o(RESET)
    __main                                   0x00000285   Thumb Code     8  __main.o(!!!main)
    __scatterload                            0x0000028d   Thumb Code     0  __scatter.o(!!!scatter)
    __scatterload_rt2                        0x0000028d   Thumb Code    44  __scatter.o(!!!scatter)
    __scatterload_rt2_thumb_only             0x0000028d   Thumb Code     0  __scatter.o(!!!scatter)
    __scatterload_null                       0x0000029b   Thumb Code     0  __scatter.o(!!!scatter)
    __decompress                             0x000002c1   Thumb Code   100  __dclz77c.o(!!dclz77c)
    __decompress2                            0x000002c1   Thumb Code     0  __dclz77c.o(!!dclz77c)
    __scatterload_zeroinit                   0x00000325   Thumb Code    28  __scatter_zi.o(!!handler_zi)
    __rt_lib_init                            0x00000341   Thumb Code     0  libinit.o(.ARM.Collect$$libinit$$00000000)
    __rt_lib_init_alloca_1                   0x00000343   Thumb Code     0  libinit2.o(.ARM.Collect$$libinit$$0000002C)
    __rt_lib_init_argv_1                     0x00000343   Thumb Code     0  libinit2.o(.ARM.Collect$$libinit$$0000002A)
    __rt_lib_init_atexit_1                   0x00000343   Thumb Code     0  libinit2.o(.ARM.Collect$$libinit$$00000019)
    __rt_lib_init_clock_1                    0x00000343   Thumb Code     0  libinit2.o(.ARM.Collect$$libinit$$0000001F)
    __rt_lib_init_cpp_1                      0x00000343   Thumb Code     0  libinit2.o(.ARM.Collect$$libinit$$00000030)
    __rt_lib_init_exceptions_1               0x00000343   Thumb Code     0  libinit2.o(.ARM.Collect$$libinit$$0000002E)
    __rt_lib_init_fp_1                       0x00000343   Thumb Code     0  libinit2.o(.ARM.Collect$$libinit$$00000002)
    __rt_lib_init_fp_trap_1                  0x00000343   Thumb Code     0  libinit2.o(.ARM.Collect$$libinit$$0000001D)
    __rt_lib_init_getenv_1                   0x00000343   Thumb Code     0  libinit2.o(.ARM.Collect$$libinit$$00000021)
    __rt_lib_init_heap_1                     0x00000343   Thumb Code     0  libinit2.o(.ARM.Collect$$libinit$$00000008)
    __rt_lib_init_lc_collate_1               0x00000343   Thumb Code     0  libinit2.o(.ARM.Collect$$libinit$$0000000F)
    __rt_lib_init_lc_ctype_1                 0x00000343   Thumb Code     0  libinit2.o(.ARM.Collect$$libinit$$00000011)
    __rt_lib_init_lc_monetary_1              0x00000343   Thumb Code     0  libinit2.o(.ARM.Collect$$libinit$$00000013)
    __rt_lib_init_lc_numeric_1               0x00000343   Thumb Code     0  libinit2.o(.ARM.Collect$$libinit$$00000015)
    __rt_lib_init_lc_time_1                  0x00000343   Thumb Code     0  libinit2.o(.ARM.Collect$$libinit$$00000017)
    __rt_lib_init_rand_1                     0x00000343   Thumb Code     0  libinit2.o(.ARM.Collect$$libinit$$0000000C)
    __rt_lib_init_return                     0x00000343   Thumb Code     0  libinit2.o(.ARM.Collect$$libinit$$00000031)
    __rt_lib_init_signal_1                   0x00000343   Thumb Code     0  libinit2.o(.ARM.Collect$$libinit$$0000001B)
    __rt_lib_init_stdio_1                    0x00000343   Thumb Code     0  libinit2.o(.ARM.Collect$$libinit$$00000023)
    __rt_lib_init_user_alloc_1               0x00000343   Thumb Code     0  libinit2.o(.ARM.Collect$$libinit$$0000000A)
    __rt_lib_shutdown                        0x00000345   Thumb Code     0  libshutdown.o(.ARM.Collect$$libshutdown$$00000000)
    __rt_lib_shutdown_fp_trap_1              0x00000347   Thumb Code     0  libshutdown2.o(.ARM.Collect$$libshutdown$$00000006)
    __rt_lib_shutdown_heap_1                 0x00000347   Thumb Code     0  libshutdown2.o(.ARM.Collect$$libshutdown$$0000000E)
    __rt_lib_shutdown_return                 0x00000347   Thumb Code     0  libshutdown2.o(.ARM.Collect$$libshutdown$$0000000F)
    __rt_lib_shutdown_signal_1               0x00000347   Thumb Code     0  libshutdown2.o(.ARM.Collect$$libshutdown$$00000009)
    __rt_lib_shutdown_stdio_1                0x00000347   Thumb Code     0  libshutdown2.o(.ARM.Collect$$libshutdown$$00000003)
    __rt_lib_shutdown_user_alloc_1           0x00000347   Thumb Code     0  libshutdown2.o(.ARM.Collect$$libshutdown$$0000000B)
    __rt_entry                               0x00000349   Thumb Code     0  rtentry.o(.ARM.Collect$$rtentry$$00000000)
    __rt_entry_presh_1                       0x00000349   Thumb Code     0  rtentry2.o(.ARM.Collect$$rtentry$$00000002)
    __rt_entry_sh                            0x00000349   Thumb Code     0  rtentry4.o(.ARM.Collect$$rtentry$$00000004)
    __rt_entry_li                            0x0000034f   Thumb Code     0  rtentry2.o(.ARM.Collect$$rtentry$$0000000A)
    __rt_entry_postsh_1                      0x0000034f   Thumb Code     0  rtentry2.o(.ARM.Collect$$rtentry$$00000009)
    __rt_entry_main                          0x00000353   Thumb Code     0  rtentry2.o(.ARM.Collect$$rtentry$$0000000D)
    __rt_entry_postli_1                      0x00000353   Thumb Code     0  rtentry2.o(.ARM.Collect$$rtentry$$0000000C)
    __rt_exit                                0x0000035b   Thumb Code     0  rtexit.o(.ARM.Collect$$rtexit$$00000000)
    __rt_exit_ls                             0x0000035d   Thumb Code     0  rtexit2.o(.ARM.Collect$$rtexit$$00000003)
    __rt_exit_prels_1                        0x0000035d   Thumb Code     0  rtexit2.o(.ARM.Collect$$rtexit$$00000002)
    __rt_exit_exit                           0x00000361   Thumb Code     0  rtexit2.o(.ARM.Collect$$rtexit$$00000004)
    DisableInterrupts                        0x00000369   Thumb Code     0  startup.o(.text)
    EnableInterrupts                         0x0000036d   Thumb Code     0  startup.o(.text)
    StartCritical                            0x00000371   Thumb Code     0  startup.o(.text)
    EndCritical                              0x00000379   Thumb Code     0  startup.o(.text)
    WaitForInterrupt                         0x0000037f   Thumb Code     0  startup.o(.text)
    __user_initial_stackheap                 0x00000383   Thumb Code     0  startup.o(.text)
    __use_two_region_memory                  0x00000399   Thumb Code     2  heapauxi.o(.text)
    __rt_heap_escrow$2region                 0x0000039b   Thumb Code     2  heapauxi.o(.text)
    __rt_heap_expand$2region                 0x0000039d   Thumb Code     2  heapauxi.o(.text)
    __user_setup_stackheap                   0x0000039f   Thumb Code    74  sys_stackheap_outer.o(.text)
    exit                                     0x000003e9   Thumb Code    12  exit.o(.text)
    __user_libspace                          0x000003f5   Thumb Code     8  libspace.o(.text)
    __user_perproc_libspace                  0x000003f5   Thumb Code     0  libspace.o(.text)
    __user_perthread_libspace                0x000003f5   Thumb Code     0  libspace.o(.text)
    _sys_exit                                0x000003fd   Thumb Code     8  sys_exit.o(.text)
    __I$use$semihosting                      0x00000409   Thumb Code     0  use_no_semi.o(.text)
    __use_no_semihosting_swi                 0x00000409   Thumb Code     2  use_no_semi.o(.text)
    __semihosting_library_function           0x0000040b   Thumb Code     0  indicate_semi.o(.text)
    DAC_Init                                 0x0000040d   Thumb Code   136  max5353.o(i.DAC_Init)
    DAC_Out                                  0x000004b1   Thumb Code    18  max5353.o(i.DAC_Out)
    GPIOPortB_Handler                        0x00000551   Thumb Code    56  switch.o(i.GPIOPortB_Handler)
    GPIOPortD_Handler                        0x00000599   Thumb Code    68  switch.o(i.GPIOPortD_Handler)
    GPIOPortF_Handler                        0x000005ed   Thumb Code    52  switch.o(i.GPIOPortF_Handler)
    NoteIncrement                            0x00000639   Thumb Code    38  edgeinterrupt.o(i.NoteIncrement)
    PLL_Init                                 0x00000669   Thumb Code   118  pll.o(i.PLL_Init)
    Play                                     0x000006e5   Thumb Code    26  edgeinterrupt.o(i.Play)
    Rewind                                   0x00000711   Thumb Code    24  edgeinterrupt.o(i.Rewind)
    SongIncrement                            0x0000073d   Thumb Code    88  edgeinterrupt.o(i.SongIncrement)
    Stop                                     0x000007a9   Thumb Code    16  edgeinterrupt.o(i.Stop)
    SwitchB_Init                             0x000007c5   Thumb Code   162  switch.o(i.SwitchB_Init)
    SwitchD_Init                             0x00000881   Thumb Code   156  switch.o(i.SwitchD_Init)
    Timer0A_Handler                          0x00000931   Thumb Code    18  switch.o(i.Timer0A_Handler)
    Timer1A_Handler                          0x0000099d   Thumb Code    16  edgeinterrupt.o(i.Timer1A_Handler)
    Timer1_Init                              0x000009b5   Thumb Code    84  edgeinterrupt.o(i.Timer1_Init)
    Timer2A_Handler                          0x00000a1d   Thumb Code    16  edgeinterrupt.o(i.Timer2A_Handler)
    Timer2_Init                              0x00000a35   Thumb Code    84  edgeinterrupt.o(i.Timer2_Init)
    main                                     0x00000a9d   Thumb Code    68  edgeinterrupt.o(i.main)
    Flute                                    0x00000b00   Data          64  edgeinterrupt.o(.constdata)
    Region$$Table$$Base                      0x00000b40   Number         0  anon$$obj.o(Region$$Table)
    Region$$Table$$Limit                     0x00000b60   Number         0  anon$$obj.o(Region$$Table)
    OdeToJoy                                 0x20000000   Data         992  edgeinterrupt.o(.data)
    SongOfStorms                             0x200003e0   Data         736  edgeinterrupt.o(.data)
    Korobeiniki                              0x200006c0   Data         624  edgeinterrupt.o(.data)
    SongList                                 0x20000930   Data          12  edgeinterrupt.o(.data)
    j                                        0x2000093c   Data           1  edgeinterrupt.o(.data)
    i                                        0x2000093d   Data           1  edgeinterrupt.o(.data)
    k                                        0x2000093e   Data           1  edgeinterrupt.o(.data)
    SongState                                0x2000093f   Data           1  edgeinterrupt.o(.data)
    RiseCount                                0x20000940   Data           4  edgeinterrupt.o(.data)
    FallCount                                0x20000944   Data           4  edgeinterrupt.o(.data)
    SongFunction                             0x20000948   Data           4  edgeinterrupt.o(.data)
    NoteFunction                             0x2000094c   Data           4  edgeinterrupt.o(.data)
    ReverseState                             0x20000950   Data           1  switch.o(.data)
    TouchTask                                0x20000968   Data           4  switch.o(.data)
    ReleaseTask                              0x2000096c   Data           4  switch.o(.data)
    UselessTask                              0x20000970   Data           4  switch.o(.data)
    PlayTask                                 0x20000974   Data           4  switch.o(.data)
    ReverseTask                              0x20000978   Data           4  switch.o(.data)
    PauseTask                                0x2000097c   Data           4  switch.o(.data)
    __libspace_start                         0x20000980   Data          96  libspace.o(.bss)
    __temporary_stack_top$libspace           0x200009e0   Data           0  libspace.o(.bss)



==============================================================================

Memory Map of the image

  Image Entry point : 0x0000026d

  Load Region LR_1 (Base: 0x00000000, Size: 0x000014e0, Max: 0xffffffff, ABSOLUTE, COMPRESSED[0x00000cc4])

    Execution Region ER_RO (Base: 0x00000000, Size: 0x00000b60, Max: 0xffffffff, ABSOLUTE)

    Base Addr    Size         Type   Attr      Idx    E Section Name        Object

    0x00000000   0x00000284   Code   RO            3  * RESET               startup.o
    0x00000284   0x00000008   Code   RO          283  * !!!main             c_w.l(__main.o)
    0x0000028c   0x00000034   Code   RO          439    !!!scatter          c_w.l(__scatter.o)
    0x000002c0   0x00000064   Code   RO          437    !!dclz77c           c_w.l(__dclz77c.o)
    0x00000324   0x0000001c   Code   RO          441    !!handler_zi        c_w.l(__scatter_zi.o)
    0x00000340   0x00000002   Code   RO          310    .ARM.Collect$$libinit$$00000000  c_w.l(libinit.o)
    0x00000342   0x00000000   Code   RO          317    .ARM.Collect$$libinit$$00000002  c_w.l(libinit2.o)
    0x00000342   0x00000000   Code   RO          320    .ARM.Collect$$libinit$$00000008  c_w.l(libinit2.o)
    0x00000342   0x00000000   Code   RO          322    .ARM.Collect$$libinit$$0000000A  c_w.l(libinit2.o)
    0x00000342   0x00000000   Code   RO          324    .ARM.Collect$$libinit$$0000000C  c_w.l(libinit2.o)
    0x00000342   0x00000000   Code   RO          327    .ARM.Collect$$libinit$$0000000F  c_w.l(libinit2.o)
    0x00000342   0x00000000   Code   RO          329    .ARM.Collect$$libinit$$00000011  c_w.l(libinit2.o)
    0x00000342   0x00000000   Code   RO          331    .ARM.Collect$$libinit$$00000013  c_w.l(libinit2.o)
    0x00000342   0x00000000   Code   RO          333    .ARM.Collect$$libinit$$00000015  c_w.l(libinit2.o)
    0x00000342   0x00000000   Code   RO          335    .ARM.Collect$$libinit$$00000017  c_w.l(libinit2.o)
    0x00000342   0x00000000   Code   RO          337    .ARM.Collect$$libinit$$00000019  c_w.l(libinit2.o)
    0x00000342   0x00000000   Code   RO          339    .ARM.Collect$$libinit$$0000001B  c_w.l(libinit2.o)
    0x00000342   0x00000000   Code   RO          341    .ARM.Collect$$libinit$$0000001D  c_w.l(libinit2.o)
    0x00000342   0x00000000   Code   RO          343    .ARM.Collect$$libinit$$0000001F  c_w.l(libinit2.o)
    0x00000342   0x00000000   Code   RO          345    .ARM.Collect$$libinit$$00000021  c_w.l(libinit2.o)
    0x00000342   0x00000000   Code   RO          347    .ARM.Collect$$libinit$$00000023  c_w.l(libinit2.o)
    0x00000342   0x00000000   Code   RO          351    .ARM.Collect$$libinit$$0000002A  c_w.l(libinit2.o)
    0x00000342   0x00000000   Code   RO          353    .ARM.Collect$$libinit$$0000002C  c_w.l(libinit2.o)
    0x00000342   0x00000000   Code   RO          355    .ARM.Collect$$libinit$$0000002E  c_w.l(libinit2.o)
    0x00000342   0x00000000   Code   RO          357    .ARM.Collect$$libinit$$00000030  c_w.l(libinit2.o)
    0x00000342   0x00000002   Code   RO          358    .ARM.Collect$$libinit$$00000031  c_w.l(libinit2.o)
    0x00000344   0x00000002   Code   RO          378    .ARM.Collect$$libshutdown$$00000000  c_w.l(libshutdown.o)
    0x00000346   0x00000000   Code   RO          392    .ARM.Collect$$libshutdown$$00000003  c_w.l(libshutdown2.o)
    0x00000346   0x00000000   Code   RO          395    .ARM.Collect$$libshutdown$$00000006  c_w.l(libshutdown2.o)
    0x00000346   0x00000000   Code   RO          398    .ARM.Collect$$libshutdown$$00000009  c_w.l(libshutdown2.o)
    0x00000346   0x00000000   Code   RO          400    .ARM.Collect$$libshutdown$$0000000B  c_w.l(libshutdown2.o)
    0x00000346   0x00000000   Code   RO          403    .ARM.Collect$$libshutdown$$0000000E  c_w.l(libshutdown2.o)
    0x00000346   0x00000002   Code   RO          404    .ARM.Collect$$libshutdown$$0000000F  c_w.l(libshutdown2.o)
    0x00000348   0x00000000   Code   RO          285    .ARM.Collect$$rtentry$$00000000  c_w.l(rtentry.o)
    0x00000348   0x00000000   Code   RO          287    .ARM.Collect$$rtentry$$00000002  c_w.l(rtentry2.o)
    0x00000348   0x00000006   Code   RO          299    .ARM.Collect$$rtentry$$00000004  c_w.l(rtentry4.o)
    0x0000034e   0x00000000   Code   RO          289    .ARM.Collect$$rtentry$$00000009  c_w.l(rtentry2.o)
    0x0000034e   0x00000004   Code   RO          290    .ARM.Collect$$rtentry$$0000000A  c_w.l(rtentry2.o)
    0x00000352   0x00000000   Code   RO          292    .ARM.Collect$$rtentry$$0000000C  c_w.l(rtentry2.o)
    0x00000352   0x00000008   Code   RO          293    .ARM.Collect$$rtentry$$0000000D  c_w.l(rtentry2.o)
    0x0000035a   0x00000002   Code   RO          314    .ARM.Collect$$rtexit$$00000000  c_w.l(rtexit.o)
    0x0000035c   0x00000000   Code   RO          360    .ARM.Collect$$rtexit$$00000002  c_w.l(rtexit2.o)
    0x0000035c   0x00000004   Code   RO          361    .ARM.Collect$$rtexit$$00000003  c_w.l(rtexit2.o)
    0x00000360   0x00000006   Code   RO          362    .ARM.Collect$$rtexit$$00000004  c_w.l(rtexit2.o)
    0x00000366   0x00000002   PAD
    0x00000368   0x00000030   Code   RO            4    .text               startup.o
    0x00000398   0x00000006   Code   RO          281    .text               c_w.l(heapauxi.o)
    0x0000039e   0x0000004a   Code   RO          301    .text               c_w.l(sys_stackheap_outer.o)
    0x000003e8   0x0000000c   Code   RO          303    .text               c_w.l(exit.o)
    0x000003f4   0x00000008   Code   RO          311    .text               c_w.l(libspace.o)
    0x000003fc   0x0000000c   Code   RO          370    .text               c_w.l(sys_exit.o)
    0x00000408   0x00000002   Code   RO          381    .text               c_w.l(use_no_semi.o)
    0x0000040a   0x00000000   Code   RO          383    .text               c_w.l(indicate_semi.o)
    0x0000040a   0x00000002   PAD
    0x0000040c   0x000000a4   Code   RO          204    i.DAC_Init          max5353.o
    0x000004b0   0x00000018   Code   RO          206    i.DAC_Out           max5353.o
    0x000004c8   0x00000044   Code   RO          103    i.GPIOBArm          switch.o
    0x0000050c   0x00000044   Code   RO          104    i.GPIODArm          switch.o
    0x00000550   0x00000048   Code   RO          105    i.GPIOPortB_Handler  switch.o
    0x00000598   0x00000054   Code   RO          106    i.GPIOPortD_Handler  switch.o
    0x000005ec   0x0000004c   Code   RO          107    i.GPIOPortF_Handler  switch.o
    0x00000638   0x00000030   Code   RO           12    i.NoteIncrement     edgeinterrupt.o
    0x00000668   0x0000007c   Code   RO          192    i.PLL_Init          pll.o
    0x000006e4   0x0000002c   Code   RO           14    i.Play              edgeinterrupt.o
    0x00000710   0x0000002c   Code   RO           15    i.Rewind            edgeinterrupt.o
    0x0000073c   0x0000006c   Code   RO           16    i.SongIncrement     edgeinterrupt.o
    0x000007a8   0x0000001c   Code   RO           17    i.Stop              edgeinterrupt.o
    0x000007c4   0x000000bc   Code   RO          108    i.SwitchB_Init      switch.o
    0x00000880   0x000000b0   Code   RO          109    i.SwitchD_Init      switch.o
    0x00000930   0x00000018   Code   RO          114    i.Timer0A_Handler   switch.o
    0x00000948   0x00000054   Code   RO          115    i.Timer0Arm         switch.o
    0x0000099c   0x00000018   Code   RO           18    i.Timer1A_Handler   edgeinterrupt.o
    0x000009b4   0x00000068   Code   RO           19    i.Timer1_Init       edgeinterrupt.o
    0x00000a1c   0x00000018   Code   RO           20    i.Timer2A_Handler   edgeinterrupt.o
    0x00000a34   0x00000068   Code   RO           21    i.Timer2_Init       edgeinterrupt.o
    0x00000a9c   0x00000064   Code   RO           22    i.main              edgeinterrupt.o
    0x00000b00   0x00000040   Data   RO           23    .constdata          edgeinterrupt.o
    0x00000b40   0x00000020   Data   RO          435    Region$$Table       anon$$obj.o


    Execution Region ER_RW (Base: 0x20000000, Size: 0x00000980, Max: 0xffffffff, ABSOLUTE, COMPRESSED[0x00000164])

    Base Addr    Size         Type   Attr      Idx    E Section Name        Object

    0x20000000   0x00000950   Data   RW           24    .data               edgeinterrupt.o
    0x20000950   0x00000030   Data   RW          116    .data               switch.o


    Execution Region ER_ZI (Base: 0x20000980, Size: 0x00000460, Max: 0xffffffff, ABSOLUTE)

    Base Addr    Size         Type   Attr      Idx    E Section Name        Object

    0x20000980   0x00000060   Zero   RW          312    .bss                c_w.l(libspace.o)
    0x200009e0   0x00000000   Zero   RW            2    HEAP                startup.o
    0x200009e0   0x00000400   Zero   RW            1    STACK               startup.o


==============================================================================

Image component sizes


      Code (inc. data)   RO Data    RW Data    ZI Data      Debug   Object Name

       628        168         64       2384          0      10358   edgeinterrupt.o
       188         34          0          0          0        801   max5353.o
       124          6          0          0          0        407   pll.o
       692        632          0          0       1024        892   startup.o
       840        148          0         48          0       4594   switch.o

    ----------------------------------------------------------------------
      2472        988         96       2432       1024      17052   Object Totals
         0          0         32          0          0          0   (incl. Generated)
         0          0          0          0          0          0   (incl. Padding)

    ----------------------------------------------------------------------

      Code (inc. data)   RO Data    RW Data    ZI Data      Debug   Library Member Name

       100          0          0          0          0          0   __dclz77c.o
         8          0          0          0          0         68   __main.o
        52          8          0          0          0          0   __scatter.o
        28          0          0          0          0          0   __scatter_zi.o
        12          0          0          0          0         72   exit.o
         6          0          0          0          0        152   heapauxi.o
         0          0          0          0          0          0   indicate_semi.o
         2          0          0          0          0          0   libinit.o
         2          0          0          0          0          0   libinit2.o
         2          0          0          0          0          0   libshutdown.o
         2          0          0          0          0          0   libshutdown2.o
         8          4          0          0         96         68   libspace.o
         0          0          0          0          0          0   rtentry.o
        12          0          0          0          0          0   rtentry2.o
         6          0          0          0          0          0   rtentry4.o
         2          0          0          0          0          0   rtexit.o
        10          0          0          0          0          0   rtexit2.o
        12          4          0          0          0         68   sys_exit.o
        74          0          0          0          0         80   sys_stackheap_outer.o
         2          0          0          0          0         68   use_no_semi.o

    ----------------------------------------------------------------------
       344         16          0          0         96        576   Library Totals
         4          0          0          0          0          0   (incl. Padding)

    ----------------------------------------------------------------------

      Code (inc. data)   RO Data    RW Data    ZI Data      Debug   Library Name

       340         16          0          0         96        576   c_w.l

    ----------------------------------------------------------------------
       344         16          0          0         96        576   Library Totals

    ----------------------------------------------------------------------

==============================================================================


      Code (inc. data)   RO Data    RW Data    ZI Data      Debug   

      2816       1004         96       2432       1120      16276   Grand Totals
      2816       1004         96        356       1120      16276   ELF Image Totals (compressed)
      2816       1004         96        356          0          0   ROM Totals

==============================================================================

    Total RO  Size (Code + RO Data)                 2912 (   2.84kB)
    Total RW  Size (RW Data + ZI Data)              3552 (   3.47kB)
    Total ROM Size (Code + RO Data + RW Data)       3268 (   3.19kB)

==============================================================================

